$ /home/zfirefist/miniconda3/envs/thesis-code/bin/python main.py --hide-warnings --path_to_binary /home/zfirefist/Desktop/Thesis_Binary_Analysis/Exploration/libseeker_repo/exp_dataset/grep.gcc.O0 --libraries_dir /tmp/libseeker-batch-libs.huzg08dj --output /home/zfirefist/Desktop/Thesis_Binary_Analysis/FunctionMatching/thesis_code/grep_selected_allcu_block_only/reports/grep.gcc.O0.block.report.txt --candidate_threshold 0.65 --candidate_low_threshold 0.45 --block_profile cross_optimization --block_candidate_mode all_cu --block_threshold 0.95 --block_assignment_threshold 0.95 --block_min_coverage_ratio 0.75 --block_locality_window_multiplier 3.0 --block_locality_window_padding 2 --block_min_edge_locality_ratio 0.5 --block_min_instructions 3 --block_min_function_concentration 0.45 --block_min_function_spread 0.5

TensorFlow GPUs: []
Found 4 library files in '/tmp/libseeker-batch-libs.huzg08dj'
/home/zfirefist/Desktop/Thesis_Binary_Analysis/FunctionMatching/thesis_code/palmtree/model/vocab
Loading Vocab /home/zfirefist/Desktop/Thesis_Binary_Analysis/FunctionMatching/thesis_code/palmtree/model/vocab
Vocab Size:  6631
         -> la-attr_copy_action.o
         -> la-attr_copy_check.o
         -> la-attr_copy_fd.o
         -> la-attr_copy_file.o
         -> la-libattr.o
         -> la-syscalls.o
[DEBUG] parsed la-attr_copy_action.o: type=CU, functions=1, readelf_fallback_count=0, pseudo_block_fallback_count=0
[DEBUG] parsed la-attr_copy_check.o: type=CU, functions=1, readelf_fallback_count=0, pseudo_block_fallback_count=0
[DEBUG] parsed la-attr_copy_fd.o: type=CU, functions=1, readelf_fallback_count=0, pseudo_block_fallback_count=0
[DEBUG] parsed la-attr_copy_file.o: type=CU, functions=1, readelf_fallback_count=0, pseudo_block_fallback_count=0
[DEBUG] parsed la-libattr.o: type=CU, functions=12, readelf_fallback_count=0, pseudo_block_fallback_count=0
[DEBUG] parsed la-syscalls.o: type=CU, functions=12, readelf_fallback_count=0, pseudo_block_fallback_count=0
[DEBUG] libattr.a: loaded 6 object files
         -> blocksort.o
         -> bzlib.o
         -> compress.o
         -> crctable.o
         -> decompress.o
         -> huffman.o
         -> randtable.o
[DEBUG] parsed blocksort.o: type=CU, functions=4, readelf_fallback_count=0, pseudo_block_fallback_count=0
[DEBUG] parsed bzlib.o: type=CU, functions=32, readelf_fallback_count=0, pseudo_block_fallback_count=0
[DEBUG] parsed compress.o: type=CU, functions=4, readelf_fallback_count=0, pseudo_block_fallback_count=0
[DEBUG] parsed crctable.o: type=CU, functions=0, readelf_fallback_count=1, pseudo_block_fallback_count=0
[DEBUG] parsed decompress.o: type=CU, functions=1, readelf_fallback_count=0, pseudo_block_fallback_count=0
[DEBUG] parsed huffman.o: type=CU, functions=3, readelf_fallback_count=0, pseudo_block_fallback_count=0
[DEBUG] parsed randtable.o: type=CU, functions=0, readelf_fallback_count=1, pseudo_block_fallback_count=0
[DEBUG] libbz2.a: loaded 5 object files
         -> pcre2_auto_possess.c.o
         -> pcre2_chartables.c.o
         -> pcre2_compile.c.o
         -> pcre2_config.c.o
         -> pcre2_context.c.o
         -> pcre2_convert.c.o
         -> pcre2_dfa_match.c.o
         -> pcre2_error.c.o
         -> pcre2_extuni.c.o
         -> pcre2_find_bracket.c.o
         -> pcre2_jit_compile.c.o
         -> pcre2_maketables.c.o
         -> pcre2_match.c.o
         -> pcre2_match_data.c.o
         -> pcre2_newline.c.o
         -> pcre2_ord2utf.c.o
         -> pcre2_pattern_info.c.o
         -> pcre2_script_run.c.o
         -> pcre2_serialize.c.o
         -> pcre2_string_utils.c.o
         -> pcre2_study.c.o
         -> pcre2_substitute.c.o
         -> pcre2_substring.c.o
         -> pcre2_tables.c.o
         -> pcre2_ucd.c.o
         -> pcre2_valid_utf.c.o
         -> pcre2_xclass.c.o
[DEBUG] parsed pcre2_auto_possess.c.o: type=CU, functions=5, readelf_fallback_count=0, pseudo_block_fallback_count=0
[DEBUG] parsed pcre2_chartables.c.o: type=CU, functions=0, readelf_fallback_count=1, pseudo_block_fallback_count=0
[DEBUG] parsed pcre2_compile.c.o: type=CU, functions=33, readelf_fallback_count=0, pseudo_block_fallback_count=0
[DEBUG] parsed pcre2_config.c.o: type=CU, functions=1, readelf_fallback_count=0, pseudo_block_fallback_count=0
[DEBUG] parsed pcre2_context.c.o: type=CU, functions=32, readelf_fallback_count=0, pseudo_block_fallback_count=0
[DEBUG] parsed pcre2_convert.c.o: type=CU, functions=12, readelf_fallback_count=0, pseudo_block_fallback_count=0
[DEBUG] parsed pcre2_dfa_match.c.o: type=CU, functions=4, readelf_fallback_count=0, pseudo_block_fallback_count=0
[DEBUG] parsed pcre2_error.c.o: type=CU, functions=1, readelf_fallback_count=0, pseudo_block_fallback_count=0
[DEBUG] parsed pcre2_extuni.c.o: type=CU, functions=1, readelf_fallback_count=0, pseudo_block_fallback_count=0
[DEBUG] parsed pcre2_find_bracket.c.o: type=CU, functions=1, readelf_fallback_count=0, pseudo_block_fallback_count=0
[DEBUG] parsed pcre2_jit_compile.c.o: type=CU, functions=10, readelf_fallback_count=0, pseudo_block_fallback_count=0
[DEBUG] parsed pcre2_maketables.c.o: type=CU, functions=2, readelf_fallback_count=0, pseudo_block_fallback_count=0
[DEBUG] parsed pcre2_match.c.o: type=CU, functions=4, readelf_fallback_count=0, pseudo_block_fallback_count=0
[DEBUG] parsed pcre2_match_data.c.o: type=CU, functions=8, readelf_fallback_count=0, pseudo_block_fallback_count=0
[DEBUG] parsed pcre2_newline.c.o: type=CU, functions=2, readelf_fallback_count=0, pseudo_block_fallback_count=0
[DEBUG] parsed pcre2_ord2utf.c.o: type=CU, functions=1, readelf_fallback_count=0, pseudo_block_fallback_count=0
[DEBUG] parsed pcre2_pattern_info.c.o: type=CU, functions=2, readelf_fallback_count=0, pseudo_block_fallback_count=0
[DEBUG] parsed pcre2_script_run.c.o: type=CU, functions=1, readelf_fallback_count=0, pseudo_block_fallback_count=0
[DEBUG] parsed pcre2_serialize.c.o: type=CU, functions=4, readelf_fallback_count=0, pseudo_block_fallback_count=0
[DEBUG] parsed pcre2_string_utils.c.o: type=CU, functions=6, readelf_fallback_count=0, pseudo_block_fallback_count=0
[DEBUG] parsed pcre2_study.c.o: type=CU, functions=6, readelf_fallback_count=0, pseudo_block_fallback_count=0
[DEBUG] parsed pcre2_substitute.c.o: type=CU, functions=2, readelf_fallback_count=0, pseudo_block_fallback_count=0
[DEBUG] parsed pcre2_substring.c.o: type=CU, functions=11, readelf_fallback_count=0, pseudo_block_fallback_count=0
[DEBUG] parsed pcre2_tables.c.o: type=CU, functions=0, readelf_fallback_count=1, pseudo_block_fallback_count=0
[DEBUG] parsed pcre2_ucd.c.o: type=CU, functions=0, readelf_fallback_count=1, pseudo_block_fallback_count=0
[DEBUG] parsed pcre2_valid_utf.c.o: type=CU, functions=1, readelf_fallback_count=0, pseudo_block_fallback_count=0
[DEBUG] parsed pcre2_xclass.c.o: type=CU, functions=1, readelf_fallback_count=0, pseudo_block_fallback_count=0
[DEBUG] libpcre2-8.a: loaded 24 object files
         -> la-clear.o
         -> la-compare.o
         -> la-copy.o
         -> la-gen_uuid.o
         -> la-isnull.o
         -> la-pack.o
         -> la-parse.o
         -> la-predefined.o
         -> la-unpack.o
         -> la-unparse.o
         -> la-uuid_time.o
         -> libuuid_la-md5.o
         -> libuuid_la-randutils.o
         -> libuuid_la-sha1.o
[DEBUG] parsed la-clear.o: type=CU, functions=1, readelf_fallback_count=0, pseudo_block_fallback_count=0
[DEBUG] parsed la-compare.o: type=CU, functions=1, readelf_fallback_count=0, pseudo_block_fallback_count=0
[DEBUG] parsed la-copy.o: type=CU, functions=1, readelf_fallback_count=0, pseudo_block_fallback_count=0
[DEBUG] parsed la-gen_uuid.o: type=CU, functions=13, readelf_fallback_count=0, pseudo_block_fallback_count=0
[DEBUG] parsed la-isnull.o: type=CU, functions=1, readelf_fallback_count=0, pseudo_block_fallback_count=0
[DEBUG] parsed la-pack.o: type=CU, functions=1, readelf_fallback_count=0, pseudo_block_fallback_count=0
[DEBUG] parsed la-parse.o: type=CU, functions=2, readelf_fallback_count=0, pseudo_block_fallback_count=0
[DEBUG] parsed la-predefined.o: type=CU, functions=1, readelf_fallback_count=0, pseudo_block_fallback_count=0
[DEBUG] parsed la-unpack.o: type=CU, functions=1, readelf_fallback_count=0, pseudo_block_fallback_count=0
[DEBUG] parsed la-unparse.o: type=CU, functions=4, readelf_fallback_count=0, pseudo_block_fallback_count=0
[DEBUG] parsed la-uuid_time.o: type=CU, functions=3, readelf_fallback_count=0, pseudo_block_fallback_count=0
[DEBUG] parsed libuuid_la-md5.o: type=CU, functions=4, readelf_fallback_count=0, pseudo_block_fallback_count=0
[DEBUG] parsed libuuid_la-randutils.o: type=CU, functions=5, readelf_fallback_count=0, pseudo_block_fallback_count=0
[DEBUG] parsed libuuid_la-sha1.o: type=CU, functions=5, readelf_fallback_count=0, pseudo_block_fallback_count=0
[DEBUG] libuuid.a: loaded 14 object files
Found 4 libraries to process
Target binary: /home/zfirefist/Desktop/Thesis_Binary_Analysis/Exploration/libseeker_repo/exp_dataset/grep.gcc.O0
Start processing: 21:00:09

[DEBUG] parsed grep.gcc.O0: type=ELF, functions=1957, readelf_fallback_count=0, pseudo_block_fallback_count=0
[DEBUG] la-libattr.o: target_functions=12, max_sim=0.9302
[DEBUG] la-libattr.o: best_source_window=(1321,1333), assigned=12, good=5, ratio=0.417, mean=0.3920, sum=4.7039, call_graph=0.0000, locality=1.0000
[DEBUG] la-syscalls.o: target_functions=12, max_sim=0.9014
    BLOCK_CU[000] DROP band=all_cu coarse=0.0000 block=0.9169 coverage_mean=0.9169 coverage_min=0.7644 coverage_ratio=1.0000 assignment_mean=0.9073 assignment_min=0.7450 blocks=128/1559 locality_span=38 edge_locality_ratio=0.9286 function_concentration=0.2812 function_spread=0.2500 matched_functions=12
    BLOCK_CU[001] DROP band=all_cu coarse=0.0000 block=0.9431 coverage_mean=0.9431 coverage_min=0.9168 coverage_ratio=1.0000 assignment_mean=0.9158 assignment_min=0.8756 blocks=12/234 locality_span=38 edge_locality_ratio=1.0000 function_concentration=1.0000 function_spread=0.2500 matched_functions=12
NO      | library=libattr.a | score=  0.00% | coarse_best=  0.00% | block_best= 94.31% | block_profile=cross_optimization | block_candidate_mode=all_cu | candidate_cu=2/2 | primary_candidate_cu=0 | recovery_candidate_cu=0 | matched_cu=0/2 | matched_functions=0 | time=00:00:02
[DEBUG] blocksort.o: target_functions=4, max_sim=0.9126
[DEBUG] blocksort.o: best_source_window=(1249,1253), assigned=4, good=3, ratio=0.750, mean=0.7146, sum=2.8586, call_graph=0.0000, locality=1.0000
[DEBUG] bzlib.o: target_functions=32, max_sim=1.0000
[DEBUG] bzlib.o: best_source_window=(1459,1491), assigned=32, good=26, ratio=0.812, mean=0.6041, sum=19.3325, call_graph=0.0000, locality=0.9130
[DEBUG] compress.o: target_functions=4, max_sim=0.9133
[DEBUG] compress.o: best_source_window=(955,959), assigned=4, good=1, ratio=0.250, mean=0.4290, sum=1.7159, call_graph=0.0000, locality=1.0000
[DEBUG] huffman.o: target_functions=3, max_sim=0.9405
[DEBUG] huffman.o: best_source_window=(1149,1152), assigned=3, good=2, ratio=0.667, mean=0.5003, sum=1.5010, call_graph=0.0000, locality=0.0000
    BLOCK_CU[000] DROP band=primary coarse=0.8200 block=0.8634 coverage_mean=0.8634 coverage_min=0.5626 coverage_ratio=0.9809 assignment_mean=0.8529 assignment_min=0.5495 blocks=262/1057 locality_span=14 edge_locality_ratio=1.0000 function_concentration=0.4351 function_spread=0.2500 matched_functions=4
    BLOCK_CU[001] DROP band=primary coarse=0.6900 block=0.9156 coverage_mean=0.9156 coverage_min=0.7548 coverage_ratio=1.0000 assignment_mean=0.9079 assignment_min=0.7319 blocks=401/2754 locality_span=98 edge_locality_ratio=0.4783 function_concentration=0.2269 function_spread=0.5625 matched_functions=32
    BLOCK_CU[002] DROP band=primary coarse=0.9900 block=0.8607 coverage_mean=0.8607 coverage_min=0.5845 coverage_ratio=0.9648 assignment_mean=0.8248 assignment_min=0.5170 blocks=341/1057 locality_span=14 edge_locality_ratio=1.0000 function_concentration=0.4164 function_spread=0.2500 matched_functions=4
    BLOCK_CU[003] DROP band=primary coarse=0.7100 block=0.8590 coverage_mean=0.8590 coverage_min=0.6835 coverage_ratio=0.9857 assignment_mean=0.8552 assignment_min=0.6490 blocks=70/988 locality_span=11 edge_locality_ratio=1.0000 function_concentration=0.3714 function_spread=0.6667 matched_functions=3
NO      | library=libbz2.a | score=  0.00% | coarse_best= 99.00% | block_best= 91.56% | block_profile=cross_optimization | block_candidate_mode=all_cu | candidate_cu=4/4 | primary_candidate_cu=4 | recovery_candidate_cu=0 | matched_cu=0/4 | matched_functions=0 | time=00:00:24
[DEBUG] pcre2_auto_possess.c.o: target_functions=5, max_sim=1.0000
[DEBUG] pcre2_auto_possess.c.o: best_source_window=(703,708), assigned=5, good=5, ratio=1.000, mean=0.9067, sum=4.5335, call_graph=1.0000, locality=1.0000
[DEBUG] pcre2_compile.c.o: target_functions=33, max_sim=1.0000
[DEBUG] pcre2_compile.c.o: best_source_window=(593,626), assigned=33, good=33, ratio=1.000, mean=1.0000, sum=33.0000, call_graph=1.0000, locality=1.0000
[DEBUG] pcre2_context.c.o: target_functions=32, max_sim=1.0000
[DEBUG] pcre2_context.c.o: best_source_window=(627,659), assigned=32, good=32, ratio=1.000, mean=1.0000, sum=32.0000, call_graph=1.0000, locality=1.0000
[DEBUG] pcre2_convert.c.o: target_functions=12, max_sim=0.9679
[DEBUG] pcre2_convert.c.o: best_source_window=(1917,1929), assigned=12, good=6, ratio=0.500, mean=0.4658, sum=5.5899, call_graph=0.0000, locality=1.0000
[DEBUG] pcre2_dfa_match.c.o: target_functions=4, max_sim=0.9463
[DEBUG] pcre2_dfa_match.c.o: best_source_window=(671,675), assigned=4, good=3, ratio=0.750, mean=0.6114, sum=2.4458, call_graph=0.0000, locality=0.0000
[DEBUG] pcre2_jit_compile.c.o: target_functions=10, max_sim=1.0000
[DEBUG] pcre2_jit_compile.c.o: best_source_window=(661,671), assigned=10, good=10, ratio=1.000, mean=1.0000, sum=10.0000, call_graph=0.0000, locality=0.0000
[DEBUG] pcre2_maketables.c.o: target_functions=2, max_sim=1.0000
[DEBUG] pcre2_maketables.c.o: best_source_window=(671,673), assigned=2, good=2, ratio=1.000, mean=1.0000, sum=2.0000, call_graph=0.0000, locality=0.0000
[DEBUG] pcre2_match.c.o: target_functions=4, max_sim=1.0000
[DEBUG] pcre2_match.c.o: best_source_window=(673,677), assigned=4, good=3, ratio=0.750, mean=0.7794, sum=3.1175, call_graph=0.0000, locality=0.0000
[DEBUG] pcre2_match_data.c.o: target_functions=8, max_sim=1.0000
[DEBUG] pcre2_match_data.c.o: best_source_window=(677,685), assigned=8, good=8, ratio=1.000, mean=1.0000, sum=8.0000, call_graph=1.0000, locality=1.0000
[DEBUG] pcre2_newline.c.o: target_functions=2, max_sim=1.0000
[DEBUG] pcre2_newline.c.o: best_source_window=(685,687), assigned=2, good=2, ratio=1.000, mean=1.0000, sum=2.0000, call_graph=0.0000, locality=0.0000
[DEBUG] pcre2_pattern_info.c.o: target_functions=2, max_sim=0.9450
[DEBUG] pcre2_pattern_info.c.o: best_source_window=(703,705), assigned=2, good=1, ratio=0.500, mean=0.5522, sum=1.1043, call_graph=0.0000, locality=0.0000
[DEBUG] pcre2_serialize.c.o: target_functions=4, max_sim=0.9676
[DEBUG] pcre2_serialize.c.o: best_source_window=(635,639), assigned=4, good=2, ratio=0.500, mean=0.4675, sum=1.8701, call_graph=0.0000, locality=0.0000
[DEBUG] pcre2_string_utils.c.o: target_functions=6, max_sim=1.0000
[DEBUG] pcre2_string_utils.c.o: best_source_window=(689,695), assigned=6, good=6, ratio=1.000, mean=1.0000, sum=6.0000, call_graph=0.0000, locality=0.0000
[DEBUG] pcre2_study.c.o: target_functions=6, max_sim=1.0000
[DEBUG] pcre2_study.c.o: best_source_window=(695,701), assigned=6, good=6, ratio=1.000, mean=1.0000, sum=6.0000, call_graph=1.0000, locality=1.0000
[DEBUG] pcre2_substitute.c.o: target_functions=2, max_sim=0.8789
[DEBUG] pcre2_substitute.c.o: best_source_window=(613,615), assigned=2, good=2, ratio=1.000, mean=0.8926, sum=1.7853, call_graph=1.0000, locality=1.0000
[DEBUG] pcre2_substring.c.o: target_functions=11, max_sim=0.9676
[DEBUG] pcre2_substring.c.o: best_source_window=(635,646), assigned=11, good=6, ratio=0.545, mean=0.4390, sum=4.8286, call_graph=0.0000, locality=1.0000
    BLOCK_CU[000] PASS band=primary coarse=0.9100 block=0.9993 coverage_mean=0.9993 coverage_min=0.9069 coverage_ratio=1.0000 assignment_mean=0.9993 assignment_min=0.9069 blocks=130/497 locality_span=17 edge_locality_ratio=1.0000 function_concentration=0.9308 function_spread=1.0000 matched_functions=5
    BLOCK_CU[001] PASS band=primary coarse=1.0000 block=0.9999 coverage_mean=0.9999 coverage_min=0.9652 coverage_ratio=1.0000 assignment_mean=0.9999 assignment_min=0.9631 blocks=1041/5225 locality_span=101 edge_locality_ratio=1.0000 function_concentration=0.8088 function_spread=0.9394 matched_functions=33
    BLOCK_CU[002] PASS band=primary coarse=1.0000 block=1.0000 coverage_mean=1.0000 coverage_min=1.0000 coverage_ratio=1.0000 assignment_mean=1.0000 assignment_min=1.0000 blocks=63/4450 locality_span=98 edge_locality_ratio=1.0000 function_concentration=0.9206 function_spread=0.6250 matched_functions=32
    BLOCK_CU[003] DROP band=primary coarse=0.7000 block=0.9689 coverage_mean=0.9689 coverage_min=0.7427 coverage_ratio=1.0000 assignment_mean=0.9642 assignment_min=0.7427 blocks=233/1795 locality_span=38 edge_locality_ratio=0.6500 function_concentration=0.2918 function_spread=0.5833 matched_functions=12
    BLOCK_CU[004] DROP band=primary coarse=0.8500 block=0.9687 coverage_mean=0.9687 coverage_min=0.7792 coverage_ratio=1.0000 assignment_mean=0.9643 assignment_min=0.7792 blocks=184/1158 locality_span=14 edge_locality_ratio=1.0000 function_concentration=0.3641 function_spread=0.5000 matched_functions=4
    BLOCK_CU[005] PASS band=primary coarse=1.0000 block=1.0000 coverage_mean=1.0000 coverage_min=1.0000 coverage_ratio=1.0000 assignment_mean=1.0000 assignment_min=1.0000 blocks=14/75 locality_span=32 edge_locality_ratio=1.0000 function_concentration=1.0000 function_spread=0.8000 matched_functions=10
    BLOCK_CU[006] PASS band=primary coarse=1.0000 block=1.0000 coverage_mean=1.0000 coverage_min=1.0000 coverage_ratio=1.0000 assignment_mean=1.0000 assignment_min=1.0000 blocks=42/48 locality_span=8 edge_locality_ratio=1.0000 function_concentration=1.0000 function_spread=1.0000 matched_functions=2
    BLOCK_CU[007] PASS band=primary coarse=0.9600 block=0.9998 coverage_mean=0.9998 coverage_min=0.9925 coverage_ratio=1.0000 assignment_mean=0.9998 assignment_min=0.9923 blocks=124/3263 locality_span=14 edge_locality_ratio=1.0000 function_concentration=0.8871 function_spread=1.0000 matched_functions=4
    BLOCK_CU[008] PASS band=primary coarse=1.0000 block=1.0000 coverage_mean=1.0000 coverage_min=1.0000 coverage_ratio=1.0000 assignment_mean=1.0000 assignment_min=1.0000 blocks=17/543 locality_span=26 edge_locality_ratio=1.0000 function_concentration=1.0000 function_spread=0.8750 matched_functions=8
    BLOCK_CU[009] PASS band=primary coarse=1.0000 block=1.0000 coverage_mean=1.0000 coverage_min=1.0000 coverage_ratio=1.0000 assignment_mean=1.0000 assignment_min=1.0000 blocks=46/58 locality_span=8 edge_locality_ratio=1.0000 function_concentration=0.8478 function_spread=0.5000 matched_functions=2
    BLOCK_CU[010] DROP band=primary coarse=0.9400 block=0.9805 coverage_mean=0.9805 coverage_min=0.9114 coverage_ratio=1.0000 assignment_mean=0.9782 assignment_min=0.9114 blocks=29/397 locality_span=8 edge_locality_ratio=1.0000 function_concentration=0.3448 function_spread=1.0000 matched_functions=2
    BLOCK_CU[011] PASS band=primary coarse=0.8400 block=0.9641 coverage_mean=0.9641 coverage_min=0.8669 coverage_ratio=1.0000 assignment_mean=0.9535 assignment_min=0.8669 blocks=43/1158 locality_span=14 edge_locality_ratio=1.0000 function_concentration=0.4884 function_spread=0.7500 matched_functions=4
    BLOCK_CU[012] PASS band=primary coarse=1.0000 block=1.0000 coverage_mean=1.0000 coverage_min=1.0000 coverage_ratio=1.0000 assignment_mean=1.0000 assignment_min=1.0000 blocks=23/3305 locality_span=20 edge_locality_ratio=1.0000 function_concentration=0.8696 function_spread=0.5000 matched_functions=6
    BLOCK_CU[013] PASS band=primary coarse=1.0000 block=0.9999 coverage_mean=0.9999 coverage_min=0.9905 coverage_ratio=1.0000 assignment_mean=0.9999 assignment_min=0.9905 blocks=97/698 locality_span=20 edge_locality_ratio=1.0000 function_concentration=0.8866 function_spread=1.0000 matched_functions=6
    BLOCK_CU[014] PASS band=primary coarse=0.8900 block=0.9669 coverage_mean=0.9669 coverage_min=0.8452 coverage_ratio=1.0000 assignment_mean=0.9591 assignment_min=0.8208 blocks=229/700 locality_span=8 edge_locality_ratio=1.0000 function_concentration=0.6769 function_spread=0.5000 matched_functions=2
    BLOCK_CU[015] DROP band=primary coarse=0.6900 block=0.9689 coverage_mean=0.9689 coverage_min=0.8375 coverage_ratio=1.0000 assignment_mean=0.9655 assignment_min=0.8375 blocks=85/1786 locality_span=35 edge_locality_ratio=0.5556 function_concentration=0.3294 function_spread=0.5455 matched_functions=11
YES     | library=libpcre2-8.a | score= 99.42% | coarse_best=100.00% | block_best=100.00% | block_profile=cross_optimization | block_candidate_mode=all_cu | candidate_cu=16/16 | primary_candidate_cu=16 | recovery_candidate_cu=0 | matched_cu=12/16 | matched_functions=114 | time=00:03:18
[DEBUG] la-gen_uuid.o: target_functions=13, max_sim=1.0000
[DEBUG] la-gen_uuid.o: best_source_window=(970,983), assigned=13, good=8, ratio=0.615, mean=0.4923, sum=6.3994, call_graph=0.0000, locality=1.0000
[DEBUG] la-parse.o: target_functions=2, max_sim=0.8623
[DEBUG] la-parse.o: best_source_window=(1489,1491), assigned=2, good=1, ratio=0.500, mean=0.4194, sum=0.8388, call_graph=0.0000, locality=0.0000
[DEBUG] la-unparse.o: target_functions=4, max_sim=0.9451
[DEBUG] la-unparse.o: best_source_window=(353,357), assigned=4, good=2, ratio=0.500, mean=0.4017, sum=1.6067, call_graph=0.0000, locality=0.0000
[DEBUG] la-uuid_time.o: target_functions=3, max_sim=0.7823
[DEBUG] la-uuid_time.o: best_source_window=(352,355), assigned=3, good=1, ratio=0.333, mean=0.3075, sum=0.9224, call_graph=0.0000, locality=0.0000
[DEBUG] libuuid_la-md5.o: target_functions=4, max_sim=0.9067
[DEBUG] libuuid_la-md5.o: best_source_window=(1928,1932), assigned=4, good=3, ratio=0.750, mean=0.6046, sum=2.4185, call_graph=1.0000, locality=1.0000
[DEBUG] libuuid_la-randutils.o: target_functions=5, max_sim=0.9744
[DEBUG] libuuid_la-randutils.o: best_source_window=(754,759), assigned=5, good=2, ratio=0.400, mean=0.4924, sum=2.4621, call_graph=0.0000, locality=1.0000
[DEBUG] libuuid_la-sha1.o: target_functions=5, max_sim=0.9272
[DEBUG] libuuid_la-sha1.o: best_source_window=(691,696), assigned=5, good=1, ratio=0.200, mean=0.3621, sum=1.8105, call_graph=0.0000, locality=1.0000
    BLOCK_CU[000] DROP band=primary coarse=0.6600 block=0.9090 coverage_mean=0.9090 coverage_min=0.7228 coverage_ratio=1.0000 assignment_mean=0.9028 assignment_min=0.7228 blocks=106/1161 locality_span=41 edge_locality_ratio=0.2500 function_concentration=0.2830 function_spread=0.7000 matched_functions=13
    BLOCK_CU[001] PASS band=primary coarse=0.8600 block=0.9095 coverage_mean=0.9095 coverage_min=0.8074 coverage_ratio=1.0000 assignment_mean=0.9095 assignment_min=0.8074 blocks=17/325 locality_span=8 edge_locality_ratio=1.0000 function_concentration=0.5882 function_spread=1.0000 matched_functions=2
    BLOCK_CU[002] PASS band=primary coarse=0.6900 block=0.9071 coverage_mean=0.9071 coverage_min=0.7945 coverage_ratio=1.0000 assignment_mean=0.8776 assignment_min=0.7945 blocks=6/142 locality_span=14 edge_locality_ratio=1.0000 function_concentration=0.6667 function_spread=0.5000 matched_functions=4
    BLOCK_CU[003] DROP band=all_cu coarse=0.0000 block=0.8770 coverage_mean=0.8770 coverage_min=0.7622 coverage_ratio=1.0000 assignment_mean=0.8749 assignment_min=0.7622 blocks=11/492 locality_span=11 edge_locality_ratio=1.0000 function_concentration=0.3636 function_spread=0.6667 matched_functions=3
    BLOCK_CU[004] PASS band=primary coarse=0.7600 block=0.8774 coverage_mean=0.8774 coverage_min=0.7672 coverage_ratio=1.0000 assignment_mean=0.8441 assignment_min=0.6264 blocks=35/191 locality_span=14 edge_locality_ratio=0.5000 function_concentration=0.6571 function_spread=0.5000 matched_functions=4
    BLOCK_CU[005] DROP band=primary coarse=0.8000 block=0.8915 coverage_mean=0.8915 coverage_min=0.7795 coverage_ratio=1.0000 assignment_mean=0.8876 assignment_min=0.7795 blocks=38/419 locality_span=17 edge_locality_ratio=1.0000 function_concentration=0.3947 function_spread=0.8000 matched_functions=5
    BLOCK_CU[006] PASS band=all_cu coarse=0.0000 block=0.8976 coverage_mean=0.8976 coverage_min=0.7740 coverage_ratio=1.0000 assignment_mean=0.8937 assignment_min=0.7575 blocks=28/258 locality_span=17 edge_locality_ratio=0.7500 function_concentration=0.4643 function_spread=0.8000 matched_functions=5
YES     | library=libuuid.a | score= 89.79% | coarse_best= 86.00% | block_best= 90.95% | block_profile=cross_optimization | block_candidate_mode=all_cu | candidate_cu=7/7 | primary_candidate_cu=5 | recovery_candidate_cu=0 | matched_cu=4/7 | matched_functions=15 | time=00:00:02

Done processing in 00:06:52
